(push 00)
      ^^
(error "Incorrect format for a number - no leading zeros allowed: 00")
