(declare-sort A 0)
^^^^^^^^^^^^^^^^^^
(error "The logic must be set before a declare-sort command is issued")
