(push (- 1))
      ^
(error "Expected a numeral here, instead of a (")
