unsupported
success
success
unsat
(get-assignment)
^^^^^^^^^^^^^^^^
(error "The get-assignment command is only valid if :produce-assignments has been enabled")
