(assert true)
^^^^^^^^^^^^^
(error "The logic must be set before an assert command is issued")
