success
success
success
(declare-fun x () Bool)
             ^
(error "Symbol x is already defined")
