success
(assert 1)
        ^
(error "Expected an expression with Bool sort, not Int")
