(exit x)
      ^
(error "A exit command takes no arguments")
