success
(define-sort A () B)
                  ^
(error "No such sort symbol declared: B")
