unsupported
success
success
success
success
success
sat
(get-value (x y (and x y) ))
                ^^^^^^^^^
(error "Unknown predicate symbol and with argument types A Bool")
