(pop 0)
^^^^^^^
(error "The logic must be set before a pop command is issued")
