unsupported
success
(get-proof)
^^^^^^^^^^^
(error "The get-proof command is only valid if :produce-proofs has been enabled")
