success
success
(get-assertions)
^^^^^^^^^^^^^^^^
(error "The get-assertions command is only valid if :interactive-mode has been enabled")
