unsupported
success
success
(get-value (x))
^^^^^^^^^^^^^^^
(error "The get-value command is only valid if :produce-models has been enabled")
