success
success
success
success
unknown
success
(get-value (x)) ; invalid because of the push
^^^^^^^^^^^^^^^
(error "A get-value command is valid only after check-sat has returned sat or unknown")
