success
success
(get-assertions 1)
                ^
(error "A get-assertions command takes no arguments")
