success
(assert "asd )
        ^^^^^^^
(error "String literal is not terminated: \"asd )
")
