unsupported
success
success
sat
success
(get-unsat-core)
^^^^^^^^^^^^^^^^
(error "The get-unsat-core command is only valid if :produce-unsat-cores has been enabled")
