success
success
(pop 3)
^^^^^^^
(error "The argument to a pop command is too large: 3 vs. a maximum of 1")
success
