true
0
false
false
false
false
false
false
"stdout"
"stderr"
0
