success
success
success
success
success
success
success
success
(
true
p
(or p p)
false
)
success
(
true
p
)
success
(
true
p
(not p)
)
