(:authors "David R. Cok" )
(:name "test" )
(:version "0.0" )
(:error-behavior continued-execution )
