success
true
success
"stdout"
success
"stderr"
success
"stdout"
success
"tempout"
false
