unsupported
false
unsupported
false
unsupported
false
unsupported
false
unsupported
false
unsupported
false
unsupported
false
unsupported
false
