success
success
success
success
success
success
unsat
